Java HotSpot(TM) 64-Bit Server VM (25.20-b23) for linux-amd64 JRE (1.8.0_20-b26), built on Jul 30 2014 13:13:52 by "java_re" with gcc 4.3.0 20080428 (Red Hat 4.3.0-8)
Memory: 4k page, physical 16114936k(1394716k free), swap 8069116k(7819312k free)
CommandLine flags: -XX:GCLogFileSize=3145728 -XX:InitialHeapSize=2147483648 -XX:MaxHeapSize=2147483648 -XX:NumberOfGCLogFiles=5 -XX:+PrintGC -XX:+PrintGCDateStamps -XX:+PrintGCDetails -XX:+PrintGCTimeStamps -XX:-TraceClassUnloading -XX:+UseCompressedClassPointers -XX:+UseCompressedOops -XX:+UseGCLogFileRotation -XX:+UseParallelGC 
2016-01-13T11:35:46.218+0100: 0.868: [GC (Metadata GC Threshold) [PSYoungGen: 461842K->17563K(611840K)] 461842K->17579K(2010112K), 0.0110748 secs] [Times: user=0.04 sys=0.01, real=0.02 secs] 
2016-01-13T11:35:46.229+0100: 0.879: [Full GC (Metadata GC Threshold) [PSYoungGen: 17563K->0K(611840K)] [ParOldGen: 16K->16758K(1398272K)] 17579K->16758K(2010112K), [Metaspace: 19308K->19308K(1067008K)], 0.0289630 secs] [Times: user=0.12 sys=0.00, real=0.02 secs] 
2016-01-13T11:35:46.655+0100: 1.306: [GC (GCLocker Initiated GC) [PSYoungGen: 272994K->17642K(611840K)] 289752K->34408K(2010112K), 0.0137524 secs] [Times: user=0.06 sys=0.01, real=0.02 secs] 
2016-01-13T11:35:46.675+0100: 1.325: [GC (Metadata GC Threshold) [PSYoungGen: 50046K->9891K(611840K)] 66812K->26665K(2010112K), 0.0114625 secs] [Times: user=0.08 sys=0.00, real=0.01 secs] 
2016-01-13T11:35:46.686+0100: 1.337: [Full GC (Metadata GC Threshold) [PSYoungGen: 9891K->0K(611840K)] [ParOldGen: 16774K->16637K(1398272K)] 26665K->16637K(2010112K), [Metaspace: 31829K->31829K(1079296K)], 0.0307219 secs] [Times: user=0.12 sys=0.00, real=0.03 secs] 
Heap
 PSYoungGen      total 611840K, used 200744K [0x00000000d5580000, 0x0000000100000000, 0x0000000100000000)
  eden space 524800K, 38% used [0x00000000d5580000,0x00000000e198a1a0,0x00000000f5600000)
  from space 87040K, 0% used [0x00000000f5600000,0x00000000f5600000,0x00000000fab00000)
  to   space 87040K, 0% used [0x00000000fab00000,0x00000000fab00000,0x0000000100000000)
 ParOldGen       total 1398272K, used 16637K [0x0000000080000000, 0x00000000d5580000, 0x00000000d5580000)
  object space 1398272K, 1% used [0x0000000080000000,0x000000008103f748,0x00000000d5580000)
 Metaspace       used 40879K, capacity 45286K, committed 45568K, reserved 1087488K
  class space    used 5158K, capacity 6557K, committed 6656K, reserved 1048576K
